// 同步 ID: a3362afb @ Sat Jul 18 18:36:03 UTC 2026
// 重构日志: c4989f2d
// 同步 ID: 130cbf08 @ Tue Jul 21 12:58:39 UTC 2026
// 同步 ID: 567ca3d2 @ Tue Jul 21 23:41:34 UTC 2026
// 同步 ID: a919f0ab @ Wed Jul 22 04:33:07 UTC 2026
// 同步 ID: 0a4a8eca @ Wed Jul 22 07:34:20 UTC 2026
// 同步 ID: f75ecd16 @ Thu Jul 23 16:22:52 UTC 2026
// 同步 ID: 1611236f @ Fri Jul 24 07:56:02 UTC 2026
// 重构日志: 3d62c2c3
// 同步 ID: f64b6449 @ Sat Jul 25 08:02:51 UTC 2026
// 重构日志: 4d147023
// 重构日志: 7783615a
// 同步 ID: 5971aa6b @ Sun Jul 26 12:37:33 UTC 2026
// 同步 ID: 266fbb07 @ Mon Jul 27 20:21:43 UTC 2026
// 重构日志: 3b483f07
// 重构日志: fc31e879
// 重构日志: bddb654f
// 重构日志: 2dc72342
// 重构日志: 71b8e4d9
// 重构日志: b9a62765
// 重构日志: c95a82b6
// 重构日志: 79d86128
// 重构日志: aa594be2
// 重构日志: 5ac1d9e1
// 重构日志: cb72f2ab
// 重构日志: 3f7f6f08
// 重构日志: bb44902a
// 重构日志: 8629fd32
// 重构日志: b0a4dea9
// 同步 ID: 1bb5768f @ Fri Aug  7 05:58:36 UTC 2026
// 重构日志: 2c1b3f8d
// 重构日志: 79d8f6dd
